
*** Running vivado
    with args -log top.vds -m64 -product Vivado -mode batch -messageDb vivado.pb -notrace -source top.tcl


****** Vivado v2025.2 (64-bit)
  **** SW Build 6299465 on Fri Nov 14 12:34:56 MST 2025
  **** IP Build 6300035 on Fri Nov 14 10:48:45 MST 2025
  **** SharedData Build 6298862 on Thu Nov 13 04:50:51 MST 2025
  **** Start of session at: Wed May 13 00:40:27 2026
    ** Copyright 1986-2022 Xilinx, Inc. All Rights Reserved.
    ** Copyright 2022-2025 Advanced Micro Devices, Inc. All Rights Reserved.

source top.tcl -notrace
create_project: Time (s): cpu = 00:01:29 ; elapsed = 00:00:17 . Memory (MB): peak = 1613.879 ; gain = 64.059 ; free physical = 1169 ; free virtual = 3586
Command: read_checkpoint -auto_incremental -incremental /home/azther0z/Desktop/hw-final/ov7670_vga_system.srcs/utils_1/imports/synth_1/top.dcp
INFO: [Vivado 12-5825] Read reference checkpoint from /home/azther0z/Desktop/hw-final/ov7670_vga_system.srcs/utils_1/imports/synth_1/top.dcp for incremental synthesis
INFO: [Vivado 12-7989] Please ensure there are no constraint changes
Command: synth_design -top top -part xc7a35tcpg236-1
Starting synth_design
Attempting to get a license for feature 'Synthesis' and/or device 'xc7a35t'
INFO: [Common 17-349] Got license for feature 'Synthesis' and/or device 'xc7a35t'
INFO: [Device 21-403] Loading part xc7a35tcpg236-1
INFO: [Designutils 20-5440] No compile time benefit to using incremental synthesis; A full resynthesis will be run
INFO: [Designutils 20-4379] Flow is switching to default flow due to incremental criteria not met. If you would like to alter this behaviour and have the flow terminate instead, please set the following parameter config_implementation {autoIncr.Synth.RejectBehavior Terminate}
INFO: [Synth 8-7079] Multithreading enabled for synth_design using a maximum of 7 processes.
INFO: [Synth 8-7078] Launching helper process for spawning children vivado processes
INFO: [Synth 8-7075] Helper process launched with PID 204039
---------------------------------------------------------------------------------
Starting RTL Elaboration : Time (s): cpu = 00:00:21 ; elapsed = 00:00:22 . Memory (MB): peak = 2226.309 ; gain = 484.156 ; free physical = 377 ; free virtual = 2781
---------------------------------------------------------------------------------
INFO: [Synth 8-6157] synthesizing module 'top' [/home/azther0z/Desktop/hw-final/hdl_sources/top.v:29]
INFO: [Synth 8-6157] synthesizing module 'clk_wiz_0' [/home/azther0z/Desktop/hw-final/ov7670_vga_system.runs/synth_1/.Xil/Vivado-203900-Saint-ThinkPad-X280/realtime/clk_wiz_0_stub.v:6]
INFO: [Synth 8-6155] done synthesizing module 'clk_wiz_0' (0#1) [/home/azther0z/Desktop/hw-final/ov7670_vga_system.runs/synth_1/.Xil/Vivado-203900-Saint-ThinkPad-X280/realtime/clk_wiz_0_stub.v:6]
INFO: [Synth 8-6157] synthesizing module 'ODDR' [/home/azther0z/.hw_syn_lab/2025.2/Vivado/scripts/rt/data/unisim_comp.v:117225]
	Parameter DDR_CLK_EDGE bound to: OPPOSITE_EDGE - type: string 
	Parameter INIT bound to: 1'b0 
	Parameter SRTYPE bound to: SYNC - type: string 
INFO: [Synth 8-6155] done synthesizing module 'ODDR' (0#1) [/home/azther0z/.hw_syn_lab/2025.2/Vivado/scripts/rt/data/unisim_comp.v:117225]
INFO: [Synth 8-6157] synthesizing module 'sccb_master' [/home/azther0z/Desktop/hw-final/hdl_sources/sccb_master.v:37]
	Parameter CLK_FREQ bound to: 100000000 - type: integer 
	Parameter SCCB_FREQ bound to: 100000 - type: integer 
INFO: [Synth 8-6155] done synthesizing module 'sccb_master' (0#1) [/home/azther0z/Desktop/hw-final/hdl_sources/sccb_master.v:37]
INFO: [Synth 8-6157] synthesizing module 'ov7670_config' [/home/azther0z/Desktop/hw-final/hdl_sources/ov7670_config.v:7]
INFO: [Synth 8-226] default block is never used [/home/azther0z/Desktop/hw-final/hdl_sources/ov7670_config.v:149]
INFO: [Synth 8-6155] done synthesizing module 'ov7670_config' (0#1) [/home/azther0z/Desktop/hw-final/hdl_sources/ov7670_config.v:7]
INFO: [Synth 8-6157] synthesizing module 'ov7670_capture' [/home/azther0z/Desktop/hw-final/hdl_sources/ov7670_capture.v:6]
INFO: [Synth 8-6155] done synthesizing module 'ov7670_capture' (0#1) [/home/azther0z/Desktop/hw-final/hdl_sources/ov7670_capture.v:6]
INFO: [Synth 8-6157] synthesizing module 'frame_buffer' [/home/azther0z/Desktop/hw-final/hdl_sources/frame_buffer.v:23]
INFO: [Synth 8-6157] synthesizing module 'blk_mem_gen_0' [/home/azther0z/Desktop/hw-final/ov7670_vga_system.runs/synth_1/.Xil/Vivado-203900-Saint-ThinkPad-X280/realtime/blk_mem_gen_0_stub.v:6]
INFO: [Synth 8-6155] done synthesizing module 'blk_mem_gen_0' (0#1) [/home/azther0z/Desktop/hw-final/ov7670_vga_system.runs/synth_1/.Xil/Vivado-203900-Saint-ThinkPad-X280/realtime/blk_mem_gen_0_stub.v:6]
INFO: [Synth 8-6155] done synthesizing module 'frame_buffer' (0#1) [/home/azther0z/Desktop/hw-final/hdl_sources/frame_buffer.v:23]
INFO: [Synth 8-6157] synthesizing module 'vga_controller' [/home/azther0z/Desktop/hw-final/hdl_sources/vga_controller.v:31]
INFO: [Synth 8-6155] done synthesizing module 'vga_controller' (0#1) [/home/azther0z/Desktop/hw-final/hdl_sources/vga_controller.v:31]
INFO: [Synth 8-6157] synthesizing module 'filter_engine' [/home/azther0z/Desktop/hw-final/hdl_sources/filter_engine.v:18]
INFO: [Synth 8-226] default block is never used [/home/azther0z/Desktop/hw-final/hdl_sources/filter_engine.v:42]
INFO: [Synth 8-6155] done synthesizing module 'filter_engine' (0#1) [/home/azther0z/Desktop/hw-final/hdl_sources/filter_engine.v:18]
INFO: [Synth 8-6155] done synthesizing module 'top' (0#1) [/home/azther0z/Desktop/hw-final/hdl_sources/top.v:29]
WARNING: [Synth 8-3917] design top has port cam_pwdn driven by constant 0
WARNING: [Synth 8-3917] design top has port cam_rst_n driven by constant 1
WARNING: [Synth 8-3917] design top has port led[2] driven by constant 0
WARNING: [Synth 8-3917] design top has port led[1] driven by constant 0
WARNING: [Synth 8-3917] design top has port led[0] driven by constant 0
---------------------------------------------------------------------------------
Finished RTL Elaboration : Time (s): cpu = 00:00:29 ; elapsed = 00:00:31 . Memory (MB): peak = 2318.277 ; gain = 576.125 ; free physical = 281 ; free virtual = 2687
---------------------------------------------------------------------------------
---------------------------------------------------------------------------------
Start Handling Custom Attributes
---------------------------------------------------------------------------------
---------------------------------------------------------------------------------
Finished Handling Custom Attributes : Time (s): cpu = 00:00:30 ; elapsed = 00:00:31 . Memory (MB): peak = 2333.121 ; gain = 590.969 ; free physical = 281 ; free virtual = 2687
---------------------------------------------------------------------------------
---------------------------------------------------------------------------------
Finished RTL Optimization Phase 1 : Time (s): cpu = 00:00:30 ; elapsed = 00:00:31 . Memory (MB): peak = 2333.121 ; gain = 590.969 ; free physical = 281 ; free virtual = 2687
---------------------------------------------------------------------------------
Netlist sorting complete. Time (s): cpu = 00:00:00.03 ; elapsed = 00:00:00.03 . Memory (MB): peak = 2339.059 ; gain = 0.000 ; free physical = 279 ; free virtual = 2684
INFO: [Netlist 29-17] Analyzing 1 Unisim elements for replacement
INFO: [Netlist 29-28] Unisim Transformation completed in 0 CPU seconds
INFO: [Project 1-570] Preparing netlist for logic optimization

Processing XDC Constraints
Initializing timing engine
Parsing XDC File [/home/azther0z/Desktop/hw-final/ov7670_vga_system.gen/sources_1/ip/blk_mem_gen_0/blk_mem_gen_0/blk_mem_gen_0_in_context.xdc] for cell 'u_bram/u_bram'
Finished Parsing XDC File [/home/azther0z/Desktop/hw-final/ov7670_vga_system.gen/sources_1/ip/blk_mem_gen_0/blk_mem_gen_0/blk_mem_gen_0_in_context.xdc] for cell 'u_bram/u_bram'
Parsing XDC File [/home/azther0z/Desktop/hw-final/ov7670_vga_system.gen/sources_1/ip/clk_wiz_0/clk_wiz_0/clk_wiz_0_in_context.xdc] for cell 'u_clk_wiz'
Finished Parsing XDC File [/home/azther0z/Desktop/hw-final/ov7670_vga_system.gen/sources_1/ip/clk_wiz_0/clk_wiz_0/clk_wiz_0_in_context.xdc] for cell 'u_clk_wiz'
Parsing XDC File [/home/azther0z/Desktop/hw-final/hdl_sources/constraints.xdc]
CRITICAL WARNING: [Constraints 18-1056] Clock 'sys_clk_100mhz' completely overrides clock 'clk_100mhz'.
New: create_clock -period 10.000 -name sys_clk_100mhz [get_ports clk_100mhz], [/home/azther0z/Desktop/hw-final/hdl_sources/constraints.xdc:14]
Previous: create_clock -period 10.000 [get_ports clk_100mhz], [/home/azther0z/Desktop/hw-final/ov7670_vga_system.gen/sources_1/ip/clk_wiz_0/clk_wiz_0/clk_wiz_0_in_context.xdc:1]
Resolution: Review the constraint files and remove the redundant clock definition(s). If the clock constraints are not saved in a file, you can first save the constraints to an XDC file and reload the design once the constraints have been corrected.
WARNING: [Vivado 12-584] No ports matched 'btnu'. [/home/azther0z/Desktop/hw-final/hdl_sources/constraints.xdc:22]
WARNING: [Vivado 12-584] No ports matched 'btnu'. [/home/azther0z/Desktop/hw-final/hdl_sources/constraints.xdc:23]
WARNING: [Vivado 12-584] No ports matched 'btnr'. [/home/azther0z/Desktop/hw-final/hdl_sources/constraints.xdc:25]
WARNING: [Vivado 12-584] No ports matched 'btnr'. [/home/azther0z/Desktop/hw-final/hdl_sources/constraints.xdc:26]
WARNING: [Vivado 12-627] No clocks matched 'pixel_clk'. [/home/azther0z/Desktop/hw-final/hdl_sources/constraints.xdc:183]
INFO: [Vivado 12-626] No clocks found. Please use 'create_clock' or 'create_generated_clock' command to create clocks. [/home/azther0z/Desktop/hw-final/hdl_sources/constraints.xdc:183]
CRITICAL WARNING: [Vivado 12-4739] set_clock_groups:No valid object(s) found for '-group [get_clocks -include_generated_clocks pixel_clk]'. [/home/azther0z/Desktop/hw-final/hdl_sources/constraints.xdc:183]
Resolution: Check if the specified object(s) exists in the current design. If it does, ensure that the correct design hierarchy was specified for the object. If you are working with clocks, make sure create_clock was used to create the clock object before it is referenced.
CRITICAL WARNING: [Vivado 12-4739] set_clock_groups:No valid object(s) found for '-group '. [/home/azther0z/Desktop/hw-final/hdl_sources/constraints.xdc:183]
Resolution: Check if the specified object(s) exists in the current design. If it does, ensure that the correct design hierarchy was specified for the object. If you are working with clocks, make sure create_clock was used to create the clock object before it is referenced.
Finished Parsing XDC File [/home/azther0z/Desktop/hw-final/hdl_sources/constraints.xdc]
WARNING: [Project 1-498] One or more constraints failed evaluation while reading constraint file [/home/azther0z/Desktop/hw-final/hdl_sources/constraints.xdc] and the design contains unresolved black boxes. These constraints will be read post-synthesis (as long as their source constraint file is marked as used_in_implementation) and should be applied correctly then. You should review the constraints listed in the file [.Xil/top_propImpl.xdc] and check the run log file to verify that these constraints were correctly applied.
INFO: [Project 1-236] Implementation specific constraints were found while reading constraint file [/home/azther0z/Desktop/hw-final/hdl_sources/constraints.xdc]. These constraints will be ignored for synthesis but will be used in implementation. Impacted constraints are listed in the file [.Xil/top_propImpl.xdc].
Resolution: To avoid this warning, move constraints listed in [.Xil/top_propImpl.xdc] to another XDC file and exclude this new file from synthesis with the used_in_synthesis property (File Properties dialog in GUI) and re-run elaboration/synthesis.
Parsing XDC File [/home/azther0z/Desktop/hw-final/ov7670_vga_system.runs/synth_1/dont_touch.xdc]
Finished Parsing XDC File [/home/azther0z/Desktop/hw-final/ov7670_vga_system.runs/synth_1/dont_touch.xdc]
Completed Processing XDC Constraints

Netlist sorting complete. Time (s): cpu = 00:00:00 ; elapsed = 00:00:00 . Memory (MB): peak = 2444.859 ; gain = 0.000 ; free physical = 296 ; free virtual = 2700
INFO: [Project 1-111] Unisim Transformation Summary:
No Unisim elements were transformed.

Constraint Validation Runtime : Time (s): cpu = 00:00:00.01 ; elapsed = 00:00:00.01 . Memory (MB): peak = 2444.895 ; gain = 0.000 ; free physical = 296 ; free virtual = 2700
INFO: [Designutils 20-5440] No compile time benefit to using incremental synthesis; A full resynthesis will be run
INFO: [Designutils 20-4379] Flow is switching to default flow due to incremental criteria not met. If you would like to alter this behaviour and have the flow terminate instead, please set the following parameter config_implementation {autoIncr.Synth.RejectBehavior Terminate}
---------------------------------------------------------------------------------
Finished Constraint Validation : Time (s): cpu = 00:01:02 ; elapsed = 00:01:04 . Memory (MB): peak = 2444.895 ; gain = 702.742 ; free physical = 244 ; free virtual = 2644
---------------------------------------------------------------------------------
---------------------------------------------------------------------------------
Start Loading Part and Timing Information
---------------------------------------------------------------------------------
Loading part: xc7a35tcpg236-1
---------------------------------------------------------------------------------
Finished Loading Part and Timing Information : Time (s): cpu = 00:01:02 ; elapsed = 00:01:04 . Memory (MB): peak = 2452.863 ; gain = 710.711 ; free physical = 244 ; free virtual = 2644
---------------------------------------------------------------------------------
---------------------------------------------------------------------------------
Start Applying 'set_property' XDC Constraints
---------------------------------------------------------------------------------
---------------------------------------------------------------------------------
Finished applying 'set_property' XDC Constraints : Time (s): cpu = 00:01:03 ; elapsed = 00:01:04 . Memory (MB): peak = 2452.863 ; gain = 710.711 ; free physical = 244 ; free virtual = 2644
---------------------------------------------------------------------------------
INFO: [Synth 8-802] inferred FSM for state register 'state_reg' in module 'ov7670_config'
WARNING: [Synth 8-3936] Found unconnected internal register 'first_byte_reg' and it is trimmed from '8' to '4' bits. [/home/azther0z/Desktop/hw-final/hdl_sources/ov7670_capture.v:65]
---------------------------------------------------------------------------------------------------
                   State |                     New Encoding |                Previous Encoding 
---------------------------------------------------------------------------------------------------
            S_RESET_WAIT |                               00 |                               00
              S_START_TX |                               01 |                               01
                  S_DONE |                               10 |                               11
             S_WAIT_DONE |                               11 |                               10
---------------------------------------------------------------------------------------------------
INFO: [Synth 8-3354] encoded FSM with state register 'state_reg' using encoding 'sequential' in module 'ov7670_config'
---------------------------------------------------------------------------------
Finished RTL Optimization Phase 2 : Time (s): cpu = 00:01:05 ; elapsed = 00:01:07 . Memory (MB): peak = 2452.863 ; gain = 710.711 ; free physical = 240 ; free virtual = 2649
---------------------------------------------------------------------------------
---------------------------------------------------------------------------------
Start RTL Component Statistics 
---------------------------------------------------------------------------------
Detailed RTL Component Info : 
+---Adders : 
	   2 Input   18 Bit       Adders := 1     
	   3 Input   17 Bit       Adders := 2     
	   2 Input   10 Bit       Adders := 4     
	   2 Input    8 Bit       Adders := 1     
	   2 Input    7 Bit       Adders := 2     
	   2 Input    4 Bit       Adders := 1     
+---XORs : 
	   2 Input      1 Bit         XORs := 1     
+---Registers : 
	               18 Bit    Registers := 1     
	               17 Bit    Registers := 1     
	               12 Bit    Registers := 1     
	               10 Bit    Registers := 4     
	                8 Bit    Registers := 4     
	                7 Bit    Registers := 2     
	                4 Bit    Registers := 6     
	                3 Bit    Registers := 3     
	                2 Bit    Registers := 1     
	                1 Bit    Registers := 22    
+---ROMs : 
	                    ROMs := 1     
+---Muxes : 
	   4 Input   18 Bit        Muxes := 1     
	   2 Input   17 Bit        Muxes := 1     
	   4 Input   12 Bit        Muxes := 1     
	   7 Input    8 Bit        Muxes := 1     
	   2 Input    8 Bit        Muxes := 1     
	   4 Input    8 Bit        Muxes := 1     
	   7 Input    4 Bit        Muxes := 1     
	   2 Input    4 Bit        Muxes := 1     
	   4 Input    4 Bit        Muxes := 1     
	   4 Input    2 Bit        Muxes := 5     
	   2 Input    2 Bit        Muxes := 1     
	   4 Input    1 Bit        Muxes := 20    
	   2 Input    1 Bit        Muxes := 13    
	   7 Input    1 Bit        Muxes := 6     
---------------------------------------------------------------------------------
Finished RTL Component Statistics 
---------------------------------------------------------------------------------
---------------------------------------------------------------------------------
Start Part Resource Summary
---------------------------------------------------------------------------------
Part Resources:
DSPs: 90 (col length:60)
BRAMs: 100 (col length: RAMB18 60 RAMB36 30)
---------------------------------------------------------------------------------
Finished Part Resource Summary
---------------------------------------------------------------------------------
---------------------------------------------------------------------------------
Start Cross Boundary and Area Optimization
---------------------------------------------------------------------------------
WARNING: [Synth 8-3917] design top has port cam_pwdn driven by constant 0
WARNING: [Synth 8-3917] design top has port cam_rst_n driven by constant 1
WARNING: [Synth 8-3917] design top has port led[2] driven by constant 0
WARNING: [Synth 8-3917] design top has port led[1] driven by constant 0
WARNING: [Synth 8-3917] design top has port led[0] driven by constant 0
---------------------------------------------------------------------------------
Finished Cross Boundary and Area Optimization : Time (s): cpu = 00:01:19 ; elapsed = 00:01:21 . Memory (MB): peak = 2452.863 ; gain = 710.711 ; free physical = 272 ; free virtual = 2682
---------------------------------------------------------------------------------
---------------------------------------------------------------------------------
Start ROM, RAM, DSP, Shift Register and Retiming Reporting
---------------------------------------------------------------------------------

ROM: Preliminary Mapping Report
+------------+-----------------------+---------------+----------------+
|Module Name | RTL Object            | Depth x Width | Implemented As | 
+------------+-----------------------+---------------+----------------+
|top         | u_cfg/rom_idx_reg_rep | 128x16        | Block RAM      | 
+------------+-----------------------+---------------+----------------+

---------------------------------------------------------------------------------
Finished ROM, RAM, DSP, Shift Register and Retiming Reporting
---------------------------------------------------------------------------------
---------------------------------------------------------------------------------
Start Applying XDC Timing Constraints
---------------------------------------------------------------------------------
---------------------------------------------------------------------------------
Finished Applying XDC Timing Constraints : Time (s): cpu = 00:01:44 ; elapsed = 00:01:46 . Memory (MB): peak = 2501.863 ; gain = 759.711 ; free physical = 194 ; free virtual = 2597
---------------------------------------------------------------------------------
---------------------------------------------------------------------------------
Start Timing Optimization
---------------------------------------------------------------------------------
---------------------------------------------------------------------------------
Finished Timing Optimization : Time (s): cpu = 00:01:46 ; elapsed = 00:01:48 . Memory (MB): peak = 2531.910 ; gain = 789.758 ; free physical = 303 ; free virtual = 2599
---------------------------------------------------------------------------------
---------------------------------------------------------------------------------
Start Technology Mapping
---------------------------------------------------------------------------------
INFO: [Synth 8-7052] The timing for the instance u_cfg/rom_idx_reg_rep (implemented as a Block RAM) might be sub-optimal as no optional output register could be merged into the ram block. Providing additional output register may help in improving timing.
---------------------------------------------------------------------------------
Finished Technology Mapping : Time (s): cpu = 00:01:47 ; elapsed = 00:01:49 . Memory (MB): peak = 2531.910 ; gain = 789.758 ; free physical = 303 ; free virtual = 2600
---------------------------------------------------------------------------------
---------------------------------------------------------------------------------
Start IO Insertion
---------------------------------------------------------------------------------
---------------------------------------------------------------------------------
Start Flattening Before IO Insertion
---------------------------------------------------------------------------------
---------------------------------------------------------------------------------
Finished Flattening Before IO Insertion
---------------------------------------------------------------------------------
---------------------------------------------------------------------------------
Start Final Netlist Cleanup
---------------------------------------------------------------------------------
---------------------------------------------------------------------------------
Finished Final Netlist Cleanup
---------------------------------------------------------------------------------
---------------------------------------------------------------------------------
Finished IO Insertion : Time (s): cpu = 00:02:07 ; elapsed = 00:02:10 . Memory (MB): peak = 2699.723 ; gain = 957.570 ; free physical = 240 ; free virtual = 2418
---------------------------------------------------------------------------------
---------------------------------------------------------------------------------
Start Renaming Generated Instances
---------------------------------------------------------------------------------
---------------------------------------------------------------------------------
Finished Renaming Generated Instances : Time (s): cpu = 00:02:07 ; elapsed = 00:02:10 . Memory (MB): peak = 2699.723 ; gain = 957.570 ; free physical = 240 ; free virtual = 2418
---------------------------------------------------------------------------------
---------------------------------------------------------------------------------
Start Rebuilding User Hierarchy
---------------------------------------------------------------------------------
---------------------------------------------------------------------------------
Finished Rebuilding User Hierarchy : Time (s): cpu = 00:02:07 ; elapsed = 00:02:10 . Memory (MB): peak = 2699.723 ; gain = 957.570 ; free physical = 240 ; free virtual = 2418
---------------------------------------------------------------------------------
---------------------------------------------------------------------------------
Start Renaming Generated Ports
---------------------------------------------------------------------------------
---------------------------------------------------------------------------------
Finished Renaming Generated Ports : Time (s): cpu = 00:02:07 ; elapsed = 00:02:10 . Memory (MB): peak = 2699.723 ; gain = 957.570 ; free physical = 240 ; free virtual = 2418
---------------------------------------------------------------------------------
---------------------------------------------------------------------------------
Start Handling Custom Attributes
---------------------------------------------------------------------------------
---------------------------------------------------------------------------------
Finished Handling Custom Attributes : Time (s): cpu = 00:02:07 ; elapsed = 00:02:10 . Memory (MB): peak = 2702.691 ; gain = 960.539 ; free physical = 240 ; free virtual = 2418
---------------------------------------------------------------------------------
---------------------------------------------------------------------------------
Start Renaming Generated Nets
---------------------------------------------------------------------------------
---------------------------------------------------------------------------------
Finished Renaming Generated Nets : Time (s): cpu = 00:02:07 ; elapsed = 00:02:10 . Memory (MB): peak = 2702.691 ; gain = 960.539 ; free physical = 240 ; free virtual = 2418
---------------------------------------------------------------------------------
---------------------------------------------------------------------------------
Start Writing Synthesis Report
---------------------------------------------------------------------------------

Report BlackBoxes: 
+------+--------------+----------+
|      |BlackBox name |Instances |
+------+--------------+----------+
|1     |clk_wiz_0     |         1|
|2     |blk_mem_gen_0 |         1|
+------+--------------+----------+

Report Cell Usage: 
+------+------------+------+
|      |Cell        |Count |
+------+------------+------+
|1     |blk_mem_gen |     1|
|2     |clk_wiz     |     1|
|3     |BUFG        |     1|
|4     |CARRY4      |    28|
|5     |LUT1        |    10|
|6     |LUT2        |    66|
|7     |LUT3        |    36|
|8     |LUT4        |    70|
|9     |LUT5        |    29|
|10    |LUT6        |    64|
|11    |MUXF7       |     1|
|12    |ODDR        |     1|
|13    |RAMB18E1    |     1|
|14    |FDRE        |   195|
|15    |FDSE        |    11|
|16    |IBUF        |    14|
|17    |OBUF        |    21|
|18    |OBUFT       |     1|
+------+------------+------+
---------------------------------------------------------------------------------
Finished Writing Synthesis Report : Time (s): cpu = 00:02:07 ; elapsed = 00:02:10 . Memory (MB): peak = 2702.691 ; gain = 960.539 ; free physical = 240 ; free virtual = 2418
---------------------------------------------------------------------------------
Synthesis finished with 0 errors, 0 critical warnings and 6 warnings.
Synthesis Optimization Runtime : Time (s): cpu = 00:01:59 ; elapsed = 00:02:02 . Memory (MB): peak = 2702.691 ; gain = 848.766 ; free physical = 240 ; free virtual = 2418
Synthesis Optimization Complete : Time (s): cpu = 00:02:08 ; elapsed = 00:02:11 . Memory (MB): peak = 2702.699 ; gain = 960.539 ; free physical = 240 ; free virtual = 2418
INFO: [Project 1-571] Translating synthesized netlist
Netlist sorting complete. Time (s): cpu = 00:00:00.02 ; elapsed = 00:00:00.03 . Memory (MB): peak = 2702.699 ; gain = 0.000 ; free physical = 240 ; free virtual = 2418
INFO: [Netlist 29-17] Analyzing 31 Unisim elements for replacement
INFO: [Netlist 29-28] Unisim Transformation completed in 0 CPU seconds
INFO: [Project 1-570] Preparing netlist for logic optimization
INFO: [Opt 31-140] Inserted 1 IBUFs to IO ports without IO buffers.
INFO: [Opt 31-138] Pushed 0 inverter(s) to 0 load pin(s).
Netlist sorting complete. Time (s): cpu = 00:00:00 ; elapsed = 00:00:00 . Memory (MB): peak = 2758.719 ; gain = 0.000 ; free physical = 403 ; free virtual = 2593
INFO: [Project 1-111] Unisim Transformation Summary:
No Unisim elements were transformed.

Synth Design complete | Checksum: 3c775c86
INFO: [Common 17-83] Releasing license: Synthesis
50 Infos, 17 Warnings, 3 Critical Warnings and 0 Errors encountered.
synth_design completed successfully
synth_design: Time (s): cpu = 00:02:47 ; elapsed = 00:02:35 . Memory (MB): peak = 2758.754 ; gain = 1144.875 ; free physical = 406 ; free virtual = 2597
INFO: [Common 17-2834] synth_design peak Physical Memory [PSS] (MB): overall = 2010.677; main = 1845.314; forked = 283.433
INFO: [Common 17-2834] synth_design peak Virtual Memory [VSS] (MB): overall = 3623.559; main = 2758.723; forked = 1002.645
INFO: [runtcl-6] Synthesis results are not added to the cache due to CRITICAL_WARNING
Write ShapeDB Complete: Time (s): cpu = 00:00:00.01 ; elapsed = 00:00:00 . Memory (MB): peak = 2782.730 ; gain = 0.000 ; free physical = 407 ; free virtual = 2597
INFO: [Common 17-1381] The checkpoint '/home/azther0z/Desktop/hw-final/ov7670_vga_system.runs/synth_1/top.dcp' has been generated.
INFO: [Vivado 12-24828] Executing command : report_utilization -file top_utilization_synth.rpt -pb top_utilization_synth.pb
INFO: [Common 17-206] Exiting Vivado at Wed May 13 00:43:35 2026...
